/Users/abundancemachine/Library/Python/3.9/lib/python/site-packages/urllib3/__init__.py:35: NotOpenSSLWarning: urllib3 v2 only supports OpenSSL 1.1.1+, currently the 'ssl' module is compiled with 'LibreSSL 2.8.3'. See: https://github.com/urllib3/urllib3/issues/3020
  warnings.warn(
/Users/abundancemachine/Library/Python/3.9/lib/python/site-packages/urllib3/__init__.py:35: NotOpenSSLWarning: urllib3 v2 only supports OpenSSL 1.1.1+, currently the 'ssl' module is compiled with 'LibreSSL 2.8.3'. See: https://github.com/urllib3/urllib3/issues/3020
  warnings.warn(
    A step 0: token 198   sends 1, values repaired 0
    A step 1: token 286   sends 1, values repaired 0
    A step 2: token 262   sends 1, values repaired 0
    A step 3: token 11   sends 1, values repaired 0
    A step 4: token 262   sends 1, values repaired 0
    A step 5: token 3139   sends 1, values repaired 0
    A step 6: token 286   sends 1, values repaired 0
    A step 7: token 262   sends 1, values repaired 0
    A step 8: token 4141   sends 1, values repaired 0
    A step 9: token 2066   sends 1, values repaired 0
    A step 10: token 11   sends 1, values repaired 0
    A step 11: token 290   sends 1, values repaired 0
    A step 12: token 262   sends 1, values repaired 0
    A step 13: token 3139   sends 1, values repaired 0
    A step 14: token 286   sends 1, values repaired 0
    A step 15: token 262   sends 1, values repaired 0
    A step 16: token 4141   sends 1, values repaired 0
    A step 17: token 2066   sends 1, values repaired 0
    A step 18: token 318   sends 1, values repaired 0
    A step 19: token 262   sends 1, values repaired 0
    A step 20: token 3139   sends 1, values repaired 0
    A step 21: token 286   sends 1, values repaired 0
    A step 22: token 262   sends 1, values repaired 0
    A step 23: token 4141   sends 1, values repaired 0
    A step 24: token 2066   sends 1, values repaired 0
    A step 25: token 13   sends 1, values repaired 0
    A step 26: token 198   sends 1, values repaired 0
    A step 27: token 198   sends 1, values repaired 0
    A step 28: token 464   sends 1, values repaired 0
    A step 29: token 4141   sends 1, values repaired 0
    A step 30: token 2066   sends 1, values repaired 0
    A step 31: token 318   sends 1, values repaired 0
    A step 32: token 262   sends 1, values repaired 0
    A step 33: token 3139   sends 1, values repaired 0
    A step 34: token 286   sends 1, values repaired 0
    A step 35: token 262   sends 1, values repaired 0
    A step 36: token 4141   sends 1, values repaired 0
    A step 0: token 262   sends 1, values repaired 0
    A step 1: token 257   sends 1, values repaired 0
    A step 2: token 640   sends 1, values repaired 0
    A step 3: token 11   sends 1, values repaired 0
    A step 4: token 262   sends 1, values repaired 0
    A step 5: token 995   sends 1, values repaired 0
    A step 6: token 373   sends 1, values repaired 0
    A step 7: token 257   sends 1, values repaired 0
    A step 8: token 1295   sends 1, values repaired 0
    A step 9: token 286   sends 1, values repaired 0
    A step 10: token 1049   sends 1, values repaired 0
    A step 11: token 8737   sends 1, values repaired 0
    A step 12: token 290   sends 1, values repaired 0
    A step 13: token 1049   sends 1, values repaired 0
    A step 14: token 3514   sends 1, values repaired 0
    A step 15: token 13   sends 1, values repaired 0
    A step 16: token 383   sends 1, values repaired 0
    A step 17: token 995   sends 1, values repaired 0
    A step 18: token 373   sends 1, values repaired 0
    A step 19: token 257   sends 1, values repaired 0
    A step 20: token 1295   sends 1, values repaired 0
    A step 21: token 286   sends 1, values repaired 0
    A step 22: token 1049   sends 1, values repaired 0
    A step 23: token 3514   sends 1, values repaired 0
    A step 24: token 11   sends 1, values repaired 0
    A step 25: token 290   sends 1, values repaired 0
    A step 26: token 262   sends 1, values repaired 0
    A step 27: token 995   sends 1, values repaired 0
    A step 28: token 373   sends 1, values repaired 0
    A step 29: token 257   sends 1, values repaired 0
    A step 30: token 1295   sends 1, values repaired 0
    A step 31: token 286   sends 1, values repaired 0
    A step 32: token 1049   sends 1, values repaired 0
    A step 33: token 3514   sends 1, values repaired 0
    A step 34: token 13   sends 1, values repaired 0
    A step 35: token 383   sends 1, values repaired 0
    A step 0: token 262   sends 1, values repaired 0
    A step 1: token 812   sends 1, values repaired 0
    A step 2: token 11   sends 1, values repaired 0
    A step 3: token 262   sends 1, values repaired 0
    A step 4: token 373   sends 1, values repaired 0
    A step 5: token 262   sends 1, values repaired 0
    A step 6: token 717   sends 1, values repaired 0
    A step 7: token 1605   sends 1, values repaired 0
    A step 8: token 284   sends 1, values repaired 0
    A step 9: token 23875   sends 1, values repaired 0
    A step 10: token 262   sends 1, values repaired 0
    A step 11: token 10596   sends 1, values repaired 0
    A step 12: token 10692   sends 1, values repaired 0
    A step 13: token 13   sends 1, values repaired 0
    A step 14: token 198   sends 1, values repaired 0
    A step 15: token 198   sends 1, values repaired 0
    A step 16: token 464   sends 1, values repaired 0
    A step 17: token 717   sends 1, values repaired 0
    A step 18: token 1605   sends 1, values repaired 0
    A step 19: token 284   sends 1, values repaired 0
    A step 20: token 23875   sends 1, values repaired 0
    A step 21: token 262   sends 1, values repaired 0
    A step 22: token 10596   sends 1, values repaired 0
    A step 23: token 10692   sends 1, values repaired 0
    A step 24: token 13   sends 1, values repaired 0
    A step 25: token 198   sends 1, values repaired 0
    A step 26: token 198   sends 1, values repaired 0
    A step 27: token 464   sends 1, values repaired 0
    A step 28: token 717   sends 1, values repaired 0
    A step 29: token 1605   sends 1, values repaired 0
    A step 30: token 284   sends 1, values repaired 0
    A step 31: token 23875   sends 1, values repaired 0
    A step 32: token 262   sends 1, values repaired 0
    A step 33: token 10596   sends 1, values repaired 0
    A step 34: token 10692   sends 1, values repaired 0
    A step 35: token 13   sends 1, values repaired 0
    A step 36: token 198   sends 1, values repaired 0
    A: total full resends 0, single values repaired 0
GPT-2 as two sections, tick 200 ns, 3 copies: A = embeddings + blocks 0-5, B = blocks 6-11 + head; only edges between them
  'The capital of France is'       IDENTICAL to fp32   ' the capital of the French Republic, and the capital of the French Republic is the capital of the French Republic.\n\nThe French Republic is the capital of the'
  'Once upon a time'               IDENTICAL to fp32   ', the world was a place of great beauty and great danger. The world was a place of great danger, and the world was a place of great danger.'
  'In 1492, Columbus'              IDENTICAL to fp32   ' was the first American to conquer the Atlantic Ocean.\n\nThe first American to conquer the Atlantic Ocean.\n\nThe first American to conquer the Atlantic Ocean.'
  [MEASURED] all identical;  25.0 tok/s;  per token: 2,304 activation edges A->B, 3 edges B->A, no weight ever crossed
